[17:37:13] [ServerMain/INFO]: [bootstrap] Running Java 21 (OpenJDK 64-Bit Server VM 21.0.7+6-b1020.35; JetBrains s.r.o. JBR-21.0.7+6-1020.35-nomod) on Windows 11 10.0 (amd64)
[17:37:13] [ServerMain/INFO]: [bootstrap] Loading Paper 1.21-130-master@b1b5d4c (2024-08-10T10:02:42Z) for Minecraft 1.21
[17:37:13] [ServerMain/INFO]: [PluginInitializerManager] Initializing plugins...
[17:37:14] [Paper Plugin Remapper Thread - 1/INFO]: [PluginRemapper] Remapping plugin 'C:\Users\surar\IdeaProjects\DevDamageHandler\build\libs\DevDamageHandler-1.0.jar'...
[17:37:14] [Paper Plugin Remapper Thread - 1/INFO]: [PluginRemapper] Done remapping plugin 'C:\Users\surar\IdeaProjects\DevDamageHandler\build\libs\DevDamageHandler-1.0.jar' in 190ms.
[17:37:14] [ServerMain/INFO]: [PluginInitializerManager] Initialized 6 plugins
[17:37:14] [ServerMain/INFO]: [PluginInitializerManager] Bukkit plugins (6):
 - DevDamageHandler (1.0), MMOCore (1.13.1-SNAPSHOT), MMOItems (6.10.1-SNAPSHOT), MythicLib (1.7.1-SNAPSHOT), MythicMobs (5.9.5-f13ab4a1), PlugManX (2.4.1)
[17:37:17] [ServerMain/INFO]: Environment: Environment[sessionHost=https://sessionserver.mojang.com, servicesHost=https://api.minecraftservices.com, name=PROD]
[17:37:18] [ServerMain/INFO]: Loaded 1290 recipes
[17:37:18] [ServerMain/INFO]: Loaded 1399 advancements
[17:37:18] [Server thread/INFO]: Starting minecraft server version 1.21
[17:37:18] [Server thread/INFO]: Loading properties
[17:37:18] [Server thread/INFO]: This server is running Paper version 1.21-130-master@b1b5d4c (2024-08-10T10:02:42Z) (Implementing API version 1.21-R0.1-SNAPSHOT)
[17:37:19] [Server thread/INFO]: [spark] This server bundles the spark profiler. For more information please visit https://docs.papermc.io/paper/profiling
[17:37:19] [Server thread/INFO]: Using 4 threads for Netty based IO
[17:37:19] [Server thread/INFO]: Server Ping Player Sample Count: 12
[17:37:20] [Server thread/INFO]: [ChunkTaskScheduler] Chunk system is using 1 I/O threads, 5 worker threads, and population gen parallelism of 5 threads
[17:37:20] [Server thread/INFO]: Default game type: SURVIVAL
[17:37:20] [Server thread/INFO]: Generating keypair
[17:37:20] [Server thread/INFO]: Starting Minecraft server on *:25565
[17:37:20] [Server thread/INFO]: Using default channel type
[17:37:20] [Server thread/INFO]: Paper: Using Java compression from Velocity.
[17:37:20] [Server thread/INFO]: Paper: Using Java cipher from Velocity.
[17:37:20] [Server thread/ERROR]: [ModernPluginLoadingStrategy] Ambiguous plugin name 'DevDamageHandler' for files 'plugins\.paper-remapped\extra-plugins\DevDamageHandler-1.0-1753785434247.jar' and 'plugins\.paper-remapped\DevDamageHandler-1.0.jar' in 'plugins\.paper-remapped'
[17:37:20] [Server thread/INFO]: [SpigotLibraryLoader] [MythicMobs] Loading 4 libraries... please wait
[17:37:20] [Server thread/INFO]: [SpigotLibraryLoader] [MythicMobs] Loaded library C:\Users\surar\IdeaProjects\DevDamageHandler\run\libraries\net\kyori\adventure-api\4.16.0\adventure-api-4.16.0.jar
[17:37:20] [Server thread/INFO]: [SpigotLibraryLoader] [MythicMobs] Loaded library C:\Users\surar\IdeaProjects\DevDamageHandler\run\libraries\net\kyori\adventure-key\4.16.0\adventure-key-4.16.0.jar
[17:37:20] [Server thread/INFO]: [SpigotLibraryLoader] [MythicMobs] Loaded library C:\Users\surar\IdeaProjects\DevDamageHandler\run\libraries\net\kyori\examination-api\1.3.0\examination-api-1.3.0.jar
[17:37:20] [Server thread/INFO]: [SpigotLibraryLoader] [MythicMobs] Loaded library C:\Users\surar\IdeaProjects\DevDamageHandler\run\libraries\net\kyori\examination-string\1.3.0\examination-string-1.3.0.jar
[17:37:20] [Server thread/INFO]: [SpigotLibraryLoader] [MythicMobs] Loaded library C:\Users\surar\IdeaProjects\DevDamageHandler\run\libraries\org\jetbrains\annotations\24.1.0\annotations-24.1.0.jar
[17:37:20] [Server thread/INFO]: [SpigotLibraryLoader] [MythicMobs] Loaded library C:\Users\surar\IdeaProjects\DevDamageHandler\run\libraries\net\kyori\adventure-platform-bukkit\4.3.2\adventure-platform-bukkit-4.3.2.jar
[17:37:20] [Server thread/INFO]: [SpigotLibraryLoader] [MythicMobs] Loaded library C:\Users\surar\IdeaProjects\DevDamageHandler\run\libraries\net\kyori\adventure-platform-api\4.3.2\adventure-platform-api-4.3.2.jar
[17:37:20] [Server thread/INFO]: [SpigotLibraryLoader] [MythicMobs] Loaded library C:\Users\surar\IdeaProjects\DevDamageHandler\run\libraries\net\kyori\adventure-text-serializer-bungeecord\4.3.2\adventure-text-serializer-bungeecord-4.3.2.jar
[17:37:20] [Server thread/INFO]: [SpigotLibraryLoader] [MythicMobs] Loaded library C:\Users\surar\IdeaProjects\DevDamageHandler\run\libraries\net\kyori\adventure-text-serializer-legacy\4.13.1\adventure-text-serializer-legacy-4.13.1.jar
[17:37:20] [Server thread/INFO]: [SpigotLibraryLoader] [MythicMobs] Loaded library C:\Users\surar\IdeaProjects\DevDamageHandler\run\libraries\net\kyori\adventure-nbt\4.13.1\adventure-nbt-4.13.1.jar
[17:37:20] [Server thread/INFO]: [SpigotLibraryLoader] [MythicMobs] Loaded library C:\Users\surar\IdeaProjects\DevDamageHandler\run\libraries\net\kyori\adventure-text-serializer-gson-legacy-impl\4.13.1\adventure-text-serializer-gson-legacy-impl-4.13.1.jar
[17:37:20] [Server thread/INFO]: [SpigotLibraryLoader] [MythicMobs] Loaded library C:\Users\surar\IdeaProjects\DevDamageHandler\run\libraries\net\kyori\adventure-platform-facet\4.3.2\adventure-platform-facet-4.3.2.jar
[17:37:20] [Server thread/INFO]: [SpigotLibraryLoader] [MythicMobs] Loaded library C:\Users\surar\IdeaProjects\DevDamageHandler\run\libraries\net\kyori\adventure-platform-viaversion\4.3.2\adventure-platform-viaversion-4.3.2.jar
[17:37:20] [Server thread/INFO]: [SpigotLibraryLoader] [MythicMobs] Loaded library C:\Users\surar\IdeaProjects\DevDamageHandler\run\libraries\net\kyori\adventure-text-minimessage\4.16.0\adventure-text-minimessage-4.16.0.jar
[17:37:20] [Server thread/INFO]: [SpigotLibraryLoader] [MythicMobs] Loaded library C:\Users\surar\IdeaProjects\DevDamageHandler\run\libraries\net\kyori\adventure-text-serializer-gson\4.16.0\adventure-text-serializer-gson-4.16.0.jar
[17:37:20] [Server thread/INFO]: [SpigotLibraryLoader] [MythicMobs] Loaded library C:\Users\surar\IdeaProjects\DevDamageHandler\run\libraries\net\kyori\adventure-text-serializer-json\4.16.0\adventure-text-serializer-json-4.16.0.jar
[17:37:20] [Server thread/INFO]: [SpigotLibraryLoader] [MythicMobs] Loaded library C:\Users\surar\IdeaProjects\DevDamageHandler\run\libraries\net\kyori\option\1.0.0\option-1.0.0.jar
[17:37:20] [Server thread/INFO]: [SpigotLibraryLoader] [MythicMobs] Loaded library C:\Users\surar\IdeaProjects\DevDamageHandler\run\libraries\com\google\code\gson\gson\2.8.0\gson-2.8.0.jar
[17:37:23] [Server thread/INFO]: [MythicMobs] Loading server plugin MythicMobs v5.9.5-f13ab4a1
[17:37:23] [Server thread/INFO]: [LumineUtils] (io.lumine.mythic.bukkit.utils.) is bound to plugin MythicMobs - io.lumine.mythic.bukkit.MythicBukkit
[17:37:23] [Server thread/INFO]: [MythicMobs] §x§f§f§0§0§0§0M§x§f§f§6§6§0§0y§x§f§f§c§c§0§0t§x§c§b§f§f§0§0h§x§6§5§f§f§0§0i§x§0§0§f§f§0§0c§x§0§0§f§f§6§6 §x§0§0§f§f§c§bE§x§0§0§c§b§f§fn§x§0§0§6§5§f§fa§x§0§0§0§0§f§fb§x§6§6§0§0§f§fl§x§c§c§0§0§f§fe§x§f§f§0§0§c§cd§x§f§f§0§0§6§6!
[17:37:23] [Server thread/INFO]: [MythicLib] Loading server plugin MythicLib v1.7.1-SNAPSHOT
[17:37:23] [Server thread/INFO]: [MythicLib] Plugin file is called 'MythicLib-dist-1.7.1-20250707.185019-28.jar'
[17:37:23] [Server thread/INFO]: [MythicLib] Detected Bukkit Version: v1_21_R1
[17:37:23] [Server thread/INFO]: [MMOCore] Loading server plugin MMOCore v1.13.1-SNAPSHOT
[17:37:23] [Server thread/INFO]: [MMOCore] Plugin file is called 'MMOCore-1.13.1-20250707.184312-13.jar'
[17:37:23] [Server thread/INFO]: [MMOItems] Loading server plugin MMOItems v6.10.1-SNAPSHOT
[17:37:23] [Server thread/INFO]: [MMOItems] Plugin file is called 'MMOItems-6.10.1-20250707.184359-27.jar'
[17:37:25] [Server thread/INFO]: [MMOItems Template Modifiers] Preloading template modifiers, please wait..
[17:37:25] [Server thread/INFO]: [MMOItems Item Templates] Preloading item templates, please wait..
[17:37:25] [Server thread/INFO]: [MMOItems] Hooked onto MythicMobs
[17:37:25] [Server thread/INFO]: [PlugManX] Loading server plugin PlugManX v2.4.1
[17:37:25] [Server thread/INFO]: [PluginManager] Loading server plugin DevDamageHandler v1.0
[17:37:25] [Server thread/INFO]: Server permissions file permissions.yml is empty, ignoring it
[17:37:25] [Server thread/INFO]: [PlugManX] Enabling PlugManX v2.4.1
[17:37:25] [Server thread/WARN]: [PlugManX] ~~~~~~~~~~~~~~~~~~~~~~~~~~~~~~~~~~~~~~~~~~~~~~~~~~~~~~~~~~~~~~~~~~~~~~
[17:37:25] [Server thread/WARN]: [PlugManX] It seems like you're running on paper.
[17:37:25] [Server thread/WARN]: [PlugManX] PlugManX cannot interact with paper-plugins, yet.
[17:37:25] [Server thread/WARN]: [PlugManX] Also, if you encounter any issues, please join my discord: https://discord.gg/GxEFhVY6ff
[17:37:25] [Server thread/WARN]: [PlugManX] Or create an issue on GitHub: https://github.com/TheBlackEntity/PlugMan
[17:37:25] [Server thread/WARN]: [PlugManX] ~~~~~~~~~~~~~~~~~~~~~~~~~~~~~~~~~~~~~~~~~~~~~~~~~~~~~~~~~~~~~~~~~~~~~~
[17:37:25] [Server thread/INFO]: Preparing level "world"
[17:37:26] [Server thread/INFO]: Preparing start region for dimension minecraft:overworld
[17:37:27] [Server thread/INFO]: Time elapsed: 1001 ms
[17:37:27] [Server thread/INFO]: Preparing start region for dimension minecraft:the_nether
[17:37:27] [Server thread/INFO]: Time elapsed: 141 ms
[17:37:27] [Server thread/INFO]: Preparing start region for dimension minecraft:the_end
[17:37:27] [Server thread/INFO]: Time elapsed: 81 ms
[17:37:27] [Server thread/INFO]: [MythicMobs] Enabling MythicMobs v5.9.5-f13ab4a1
[17:37:28] [Server thread/INFO]: [MythicMobs] Loading MythicMobs for Paper (MC: 1.21.0)...
[17:37:28] [Server thread/INFO]: [MythicMobs] The server is running Paper; enabled Paper exclusive functionality
[17:37:31] [Server thread/INFO]: [MythicMobs] Mythic MMOItems Support has been enabled!
[17:37:38] [Server thread/INFO]: [MythicMobs] Loading Packs...
[17:37:38] [Server thread/INFO]: [MythicMobs] Loading Items...
[17:37:39] [Server thread/INFO]: [MythicMobs] Loading Item Groups...
[17:37:39] [Server thread/INFO]: [MythicMobs] Loading Skills...
[17:37:40] [Server thread/INFO]: [MythicMobs] Loading Drop Tables...
[17:37:40] [Server thread/INFO]: [MythicMobs] Loading Random Spawns...
[17:37:40] [Server thread/INFO]: [MythicMobs] Loading Spawn Blocks...
[17:37:40] [Server thread/INFO]: [MythicMobs] ✓ Loaded 8 mobs.
[17:37:40] [Server thread/INFO]: [MythicMobs] ✓ Loaded 3 vanilla mob overrides.
[17:37:40] [Server thread/INFO]: [MythicMobs] ✓ Loaded 0 mob stacks.
[17:37:40] [Server thread/INFO]: [MythicMobs] ✓ Loaded 3 skills.
[17:37:40] [Server thread/INFO]: [MythicMobs] ✓ Loaded 0 random spawns.
[17:37:40] [Server thread/INFO]: [MythicMobs] ✓ Loaded 3 mythic items.
[17:37:40] [Server thread/INFO]: [MythicMobs] ✓ Loaded 2 drop tables.
[17:37:40] [Server thread/INFO]: [MythicMobs] ✓ Loaded 0 mob spawners.
[17:37:40] [Server thread/INFO]: [MythicMobs] MythicMobs configuration file loaded successfully.
[17:37:41] [Server thread/INFO]: [MythicMobs] Started up bStats Metrics
[17:37:41] [Server thread/INFO]: [MythicMobs] ✓ MythicMobs Premium v5.9.5 ( build f13ab4a1 ) has been successfully loaded!
[17:37:41] [Server thread/INFO]: [MythicLib] Enabling MythicLib v1.7.1-SNAPSHOT
[17:37:42] [Server thread/INFO]: [MythicLib] Hooked onto TextDisplays (holograms)
[17:37:42] [Server thread/INFO]: [MythicMobs] MMO Plugin Support has been enabled!
[17:37:42] [Server thread/INFO]: [MythicLib] Hooked onto MythicMobs
[17:37:43] [Server thread/INFO]: Environment: Environment[sessionHost=https://sessionserver.mojang.com, servicesHost=https://api.minecraftservices.com, name=PROD]
[17:37:43] [Server thread/INFO]: [MMOCore] Enabling MMOCore v1.13.1-SNAPSHOT
[17:37:43] [Server thread/INFO]: [MMOCore] Hooked onto MythicMobs
[17:37:43] [Server thread/WARN]: [MMOCore] Could not load custom mining condition 'region{name="example_region,example_region2,__global__"}': Could not match any condition to 'region' in database
[17:37:43] [Server thread/WARN]: [MMOCore] Could not load custom mining condition 'region{name="example_region,example_region2,__global__"}': Could not match any condition to 'region' in database
[17:37:43] [Server thread/WARN]: [MMOCore] Could not load condition 'region{name="swamp,second-region"}' from fishing drop table 'overriding-drop-table': Could not match any condition to 'region' in database
[17:37:44] [Server thread/WARN]: [MMOCore] Could not load objective '2' from quest 'adv-begins': Could not match any objective to 'talkto' in database
[17:37:44] [Server thread/WARN]: [MMOCore] Could not load objective '2' from quest 'fetch-mango': Could not match any objective to 'getitem' in database
[17:37:44] [Server thread/WARN]: [MMOCore] Could not load objective '3' from quest 'tutorial': Could not match any objective to 'getitem' in database
[17:37:44] [Server thread/WARN]: [MMOCore] Could not load objective '4' from quest 'tutorial': Could not match any objective to 'talkto' in database
[17:37:44] [Server thread/WARN]: [MMOCore] Could not load trigger 'mmoitem{type=SWORD;id=CUTLASS}' from objective '5': Could not find MMOItem with ID 'CUTLASS'
[17:37:44] [Server thread/WARN]: [MMOCore] Could not load loot chest region 'sample-region' from file 'default_loot_chests.yml': Could not find world 'world_name_here'
[17:37:44] [Server thread/INFO]: [MMOCore] Hooked parties onto MMOCore
[17:37:44] [Server thread/INFO]: [MMOCore] Hooked guilds onto MMOCore
[17:37:45] [Server thread/INFO]: [MMOItems] Enabling MMOItems v6.10.1-SNAPSHOT
[17:37:45] [Server thread/INFO]: [MMOItems] Hooked onto MythicMobs
[17:37:45] [Server thread/INFO]: [MMOItems] Hooked onto MMOCore
[17:37:45] [Server thread/INFO]: [MMOItems] Now using MMOCore as RPG core plugin
[17:37:45] [Server thread/INFO]: [MMOItems Template Modifiers] Loading template modifiers, please wait..
[17:37:45] [Server thread/INFO]: [MMOItems Item Templates] Loading item templates, please wait...
[17:37:45] [Server thread/INFO]: [MMOItems Item Templates (SWORD)] Could not post-load item template 'TEST': Could not find stat with ID 'ELEMENTAL_DAMAGE'
[17:37:45] [Server thread/INFO]: [MMOItems] Loading crafting stations, please wait..
[17:37:46] [Server thread/ERROR]: [MMOItems] Could not load recipe 'soulstealer' from crafting station 'mythical-forge': Could not load ingredient 'mmoitem{type=SWORD,id=STEEL_SWORD,amount=1,display="Steel Sword"}': Could not find a template with ID 'STEEL_SWORD'
[17:37:46] [Server thread/ERROR]: [MMOItems] Could not load recipe 'molten-blade' from crafting station 'mythical-forge': Could not load ingredient 'mmoitem{type=SWORD,id=STEEL_SWORD,amount=1,display="Steel Sword"}': Could not find a template with ID 'STEEL_SWORD'
[17:37:46] [Server thread/ERROR]: [MMOItems] Could not load recipe 'steel-sword' from crafting station 'steel-crafting-station': Could not find a template with ID 'STEEL_SWORD'
[17:37:46] [Server thread/ERROR]: [MMOItems] Could not load recipe 'steel-sword-upgrade' from crafting station 'steel-crafting-station': Could not find a template with ID 'STEEL_SWORD'
[17:37:46] [Server thread/ERROR]: [MMOItems] Could not load recipe 'two-handed-steel-sword' from crafting station 'steel-crafting-station': Could not load ingredient 'mmoitem{type=SWORD,id=STEEL_SWORD,amount=1,display="Steel Sword"}': Could not find a template with ID 'STEEL_SWORD'
[17:37:46] [Server thread/ERROR]: [MMOItems] Could not load recipe 'katana' from crafting station 'steel-crafting-station': Could not find a template with ID 'KATANA'
[17:37:46] [Server thread/INFO]: [MMOItems] Loading recipes, please wait...
[17:37:46] [Server thread/INFO]: [PluginManager] Enabling DevDamageHandler v1.0
[17:37:46] [Server thread/WARN]: [PluginManager] Missing 'modifiers' section in DamageModifiers.yml
[17:37:47] [Server thread/INFO]: [spark] Starting background profiler...
[17:37:47] [Server thread/INFO]: [spark] The async-profiler engine is not supported for your os/arch (windows11/amd64), so the built-in Java engine will be used instead.
[17:37:47] [Server thread/INFO]: Done preparing level "world" (21.390s)
[17:37:47] [Server thread/INFO]: Running delayed init tasks
[17:37:47] [Server thread/INFO]: Done (34.629s)! For help, type "help"
[17:37:47] [Server thread/INFO]: Timings Reset
[17:38:24] [User Authenticator #0/INFO]: UUID of player Teenkung123 is fa134d71-b89c-484e-a94b-66741beed5f4
[17:38:25] [Server thread/INFO]: Teenkung123 joined the game
[17:38:25] [Server thread/INFO]: Teenkung123[/127.0.0.1:60923] logged in with entity id 92 at ([world]178.45050905975515, 71.31759298553287, -401.3782599190583)
[17:38:25] [Server thread/WARN]: [ca.spottedleaf.moonrise.patches.chunk_system.level.entity.EntityLookup] Entity uuid already exists: 2437a6af-58bc-40fb-9062-61c6e90c7888, mapped to Bat['Bat'/49, uuid='2437a6af-58bc-40fb-9062-61c6e90c7888', l='ServerLevel[world]', x=169.18, y=-21.47, z=-447.36, cpos=[10, -28], tl=96, v=true], can't add Bat['Bat'/100, uuid='2437a6af-58bc-40fb-9062-61c6e90c7888', l='ServerLevel[world]', x=169.53, y=-22.97, z=-448.45, cpos=[10, -29], tl=189, v=false]
[17:38:26] [Server thread/WARN]: [ca.spottedleaf.moonrise.patches.chunk_system.level.entity.EntityLookup] Entity uuid already exists: 5673ee70-1ab4-4357-bb63-906a8bd5d452, mapped to Bat['Bat'/60, uuid='5673ee70-1ab4-4357-bb63-906a8bd5d452', l='ServerLevel[world]', x=148.07, y=-20.93, z=-342.88, cpos=[9, -22], tl=418, v=true], can't add Bat['Bat'/152, uuid='5673ee70-1ab4-4357-bb63-906a8bd5d452', l='ServerLevel[world]', x=144.54, y=-17.96, z=-334.44, cpos=[9, -21], tl=530, v=false]
[17:38:29] [Server thread/INFO]: Teenkung123 issued server command: /mi browse
[17:42:04] [Server thread/INFO]: Named entity WitherSkeleton['Skeletal Knight'/533, uuid='1045f02c-c207-4588-9f20-575817b0dfa2', l='ServerLevel[world]', x=73.12, y=24.00, z=-443.50, cpos=[4, -28], tl=601, v=true] died: Skeletal Knight suffocated in a wall
[17:44:38] [Server thread/INFO]: Named entity WitherSkeleton['Skeletal Knight'/857, uuid='71a1f513-a369-4fd2-802d-65c884f297c3', l='ServerLevel[world]', x=172.50, y=13.00, z=-423.50, cpos=[10, -27], tl=441, v=true] died: Skeletal Knight suffocated in a wall
[17:49:43] [Server thread/INFO]: Teenkung123 issued server command: /mi reload all
[17:49:43] [Server thread/INFO]: [MMOItems Template Modifiers] Preloading template modifiers, please wait..
[17:49:43] [Server thread/INFO]: [MMOItems Item Templates] Preloading item templates, please wait..
[17:49:43] [Server thread/INFO]: [MMOItems Template Modifiers] Loading template modifiers, please wait..
[17:49:43] [Server thread/INFO]: [MMOItems Item Templates] Loading item templates, please wait...
[17:49:43] [Server thread/INFO]: [MMOItems Item Templates (SWORD)] Could not post-load item template 'TEST': Could not find stat with ID 'ELEMENTAL_DAMAGE'
[17:49:43] [Server thread/ERROR]: [MMOItems] Could not load recipe 'soulstealer' from crafting station 'mythical-forge': Could not load ingredient 'mmoitem{type=SWORD,id=STEEL_SWORD,amount=1,display="Steel Sword"}': Could not find a template with ID 'STEEL_SWORD'
[17:49:43] [Server thread/ERROR]: [MMOItems] Could not load recipe 'molten-blade' from crafting station 'mythical-forge': Could not load ingredient 'mmoitem{type=SWORD,id=STEEL_SWORD,amount=1,display="Steel Sword"}': Could not find a template with ID 'STEEL_SWORD'
[17:49:43] [Server thread/ERROR]: [MMOItems] Could not load recipe 'steel-sword' from crafting station 'steel-crafting-station': Could not find a template with ID 'STEEL_SWORD'
[17:49:43] [Server thread/ERROR]: [MMOItems] Could not load recipe 'steel-sword-upgrade' from crafting station 'steel-crafting-station': Could not find a template with ID 'STEEL_SWORD'
[17:49:43] [Server thread/ERROR]: [MMOItems] Could not load recipe 'two-handed-steel-sword' from crafting station 'steel-crafting-station': Could not load ingredient 'mmoitem{type=SWORD,id=STEEL_SWORD,amount=1,display="Steel Sword"}': Could not find a template with ID 'STEEL_SWORD'
[17:49:43] [Server thread/ERROR]: [MMOItems] Could not load recipe 'katana' from crafting station 'steel-crafting-station': Could not find a template with ID 'KATANA'
[17:49:43] [Server thread/ERROR]: [MMOItems] Could not load recipe 'soulstealer' from crafting station 'mythical-forge': Could not load ingredient 'mmoitem{type=SWORD,id=STEEL_SWORD,amount=1,display="Steel Sword"}': Could not find a template with ID 'STEEL_SWORD'
[17:49:43] [Server thread/ERROR]: [MMOItems] Could not load recipe 'molten-blade' from crafting station 'mythical-forge': Could not load ingredient 'mmoitem{type=SWORD,id=STEEL_SWORD,amount=1,display="Steel Sword"}': Could not find a template with ID 'STEEL_SWORD'
[17:49:43] [Server thread/ERROR]: [MMOItems] Could not load recipe 'steel-sword' from crafting station 'steel-crafting-station': Could not find a template with ID 'STEEL_SWORD'
[17:49:43] [Server thread/ERROR]: [MMOItems] Could not load recipe 'steel-sword-upgrade' from crafting station 'steel-crafting-station': Could not find a template with ID 'STEEL_SWORD'
[17:49:43] [Server thread/ERROR]: [MMOItems] Could not load recipe 'two-handed-steel-sword' from crafting station 'steel-crafting-station': Could not load ingredient 'mmoitem{type=SWORD,id=STEEL_SWORD,amount=1,display="Steel Sword"}': Could not find a template with ID 'STEEL_SWORD'
[17:49:43] [Server thread/ERROR]: [MMOItems] Could not load recipe 'katana' from crafting station 'steel-crafting-station': Could not find a template with ID 'KATANA'
[17:49:44] [Server thread/INFO]: Teenkung123 issued server command: /mi browse
[17:50:58] [Server thread/INFO]: Teenkung123 issued server command: /mi browse
[17:51:10] [Server thread/INFO]: Teenkung123 issued server command: /mi browse
[17:54:49] [Server thread/INFO]: Teenkung123 lost connection: Disconnected
[17:54:49] [Server thread/INFO]: Teenkung123 left the game
[18:07:47] [Server thread/INFO]: [MMOCore] Autosaving player data, might take a while...
[18:37:47] [Server thread/INFO]: [MMOCore] Autosaving player data, might take a while...
[19:07:47] [Server thread/INFO]: [MMOCore] Autosaving player data, might take a while...
[19:37:49] [Server thread/INFO]: [MMOCore] Autosaving player data, might take a while...
[20:07:49] [Server thread/INFO]: [MMOCore] Autosaving player data, might take a while...
[20:37:49] [Server thread/INFO]: [MMOCore] Autosaving player data, might take a while...
[21:07:49] [Server thread/INFO]: [MMOCore] Autosaving player data, might take a while...
